2026-10-01T20:20:13Z info nightly retrain: success | BTCUSDT: OOS AUC 0.530 (live) | ETHUSDT: OOS AUC 0.534 (live) | backtest: ret 0.49%, sharpe 6.56, maxDD -0.13%, trades 24
2026-10-02T00:18:34Z info nightly retrain: success | BTCUSDT: OOS AUC 0.522 (live) | ETHUSDT: OOS AUC 0.533 (live) | backtest: ret 0.10%, sharpe 1.26, maxDD -0.27%, trades 24
2026-10-02T01:07:10Z info Top 5 ideas this hour (paper only, not advice) · market mood: Unfavourable
1. SYN 7.2/10 Strong · risk Very high · buy ~$0.18496 → TP $0.225158 (+21.7%) / exit $0.164861 (-10.9%) · 24h
2. JASMY 5.8/10 Moderate · risk Very high · buy ~$0.00568 → TP $0.00676514 (+19.1%) / exit $0.00513743 (-9.6%) · 24h
3. MEGA 5.3/10 Weak · risk Very high · buy ~$0.05397 → TP $0.0669228 (+24.0%) / exit $0.0474936 (-12.0%) · 24h
4. QNT 4.9/10 Avoid - watch only · risk Very high · buy ~$248.93 → TP $308.67 (+24.0%) / exit $219.06 (-12.0%) · 24h
5. MOVR 4.7/10 Avoid - watch only · risk Very high · buy ~$2.98 → TP $3.70 (+24.0%) / exit $2.62 (-12.0%) · 24h
2026-10-02T01:27:24Z info Top 5 ideas this hour (paper only, not advice) · market mood: Unfavourable
1. SYN 7.2/10 Strong · risk Very high · buy ~$0.18496 → TP $0.225158 (+21.7%) / exit $0.164861 (-10.9%) · 24h
2. JASMY 5.8/10 Moderate · risk Very high · buy ~$0.00568 → TP $0.00676514 (+19.1%) / exit $0.00513743 (-9.6%) · 24h
3. MEGA 5.3/10 Weak · risk Very high · buy ~$0.05397 → TP $0.0669228 (+24.0%) / exit $0.0474936 (-12.0%) · 24h
4. QNT 4.9/10 Avoid - watch only · risk Very high · buy ~$248.93 → TP $308.67 (+24.0%) / exit $219.06 (-12.0%) · 24h
5. MOVR 4.7/10 Avoid - watch only · risk Very high · buy ~$2.98 → TP $3.70 (+24.0%) / exit $2.62 (-12.0%) · 24h
2026-10-02T02:25:58Z info Top 5 ideas this hour (paper only, not advice) · market mood: Unfavourable
1. SYN 8.3/10 Strong · risk Very high · buy ~$0.18706 → TP $0.227015 (+21.4%) / exit $0.167083 (-10.7%) · 24h
2. ALICE 7.2/10 Strong · risk Very high · buy ~$0.1981 → TP $0.245644 (+24.0%) / exit $0.174328 (-12.0%) · 24h
3. MEGA 6.9/10 Strong · risk Very high · buy ~$0.05389 → TP $0.0668236 (+24.0%) / exit $0.0474232 (-12.0%) · 24h
4. JASMY 6.9/10 Strong · risk Very high · buy ~$0.00562 → TP $0.00668026 (+18.9%) / exit $0.00508987 (-9.4%) · 24h
5. HEI 5.9/10 Moderate · risk Very high · buy ~$0.1489 → TP $0.177225 (+19.0%) / exit $0.134737 (-9.5%) · 24h
2026-10-02T02:34:42Z info nightly retrain: success | BTCUSDT: OOS AUC 0.519 (live) | ETHUSDT: OOS AUC 0.541 (live) | backtest: ret 0.34%, sharpe 3.92, maxDD -0.17%, trades 29
2026-10-02T03:28:13Z info Top 5 ideas this hour (paper only, not advice) · market mood: Unfavourable
1. SYN 8.8/10 Strong · risk Very high · buy ~$0.18494 → TP $0.223957 (+21.1%) / exit $0.165431 (-10.5%) · 24h
2. ALICE 7.6/10 Strong · risk Very high · buy ~$0.1957 → TP $0.242668 (+24.0%) / exit $0.172216 (-12.0%) · 24h
3. JASMY 7.6/10 Strong · risk Very high · buy ~$0.00564 → TP $0.00668242 (+18.5%) / exit $0.00511879 (-9.2%) · 24h
4. QNT 7.4/10 Strong · risk Very high · buy ~$251.69 → TP $312.10 (+24.0%) / exit $221.49 (-12.0%) · 24h
5. MOVR 6.5/10 Moderate · risk Very high · buy ~$2.87 → TP $3.56 (+24.0%) / exit $2.53 (-12.0%) · 24h
2026-10-03T02:41:42Z info nightly retrain: success | BTCUSDT: OOS AUC 0.509 (live) | ETHUSDT: OOS AUC 0.525 (live) | backtest: ret -0.08%, sharpe -0.97, maxDD -0.28%, trades 28
