{"ts": "2026-10-01T19:34:19Z", "level": "INFO", "logger": "omega.model", "msg": "trained: n=8628 oos_auc=0.536 meta_rows=7699"}
{"ts": "2026-10-01T19:34:19Z", "level": "INFO", "logger": "omega.train", "msg": "saved model BTCUSDT (auc=0.536, data_mode=live)"}
{"ts": "2026-10-01T19:34:25Z", "level": "INFO", "logger": "omega.model", "msg": "trained: n=8628 oos_auc=0.534 meta_rows=7684"}
{"ts": "2026-10-01T19:34:25Z", "level": "INFO", "logger": "omega.train", "msg": "saved model ETHUSDT (auc=0.534, data_mode=live)"}
{"ts": "2026-10-01T19:34:52Z", "level": "INFO", "logger": "omega.model", "msg": "trained: n=2843 oos_auc=0.523 meta_rows=2683"}
{"ts": "2026-10-01T19:34:53Z", "level": "INFO", "logger": "omega.backtest", "msg": "fold 0: train=2855 test=1440 auc=0.523"}
{"ts": "2026-10-01T19:34:56Z", "level": "INFO", "logger": "omega.model", "msg": "trained: n=4283 oos_auc=0.511 meta_rows=3979"}
{"ts": "2026-10-01T19:34:57Z", "level": "INFO", "logger": "omega.backtest", "msg": "fold 1: train=4295 test=1440 auc=0.511"}
{"ts": "2026-10-01T19:35:00Z", "level": "INFO", "logger": "omega.model", "msg": "trained: n=5724 oos_auc=0.526 meta_rows=5267"}
{"ts": "2026-10-01T19:35:01Z", "level": "INFO", "logger": "omega.backtest", "msg": "fold 2: train=5735 test=1440 auc=0.526"}
{"ts": "2026-10-01T19:35:05Z", "level": "INFO", "logger": "omega.model", "msg": "trained: n=7168 oos_auc=0.539 meta_rows=6486"}
{"ts": "2026-10-01T19:35:06Z", "level": "INFO", "logger": "omega.backtest", "msg": "fold 3: train=7175 test=1440 auc=0.539"}
{"ts": "2026-10-01T19:35:08Z", "level": "INFO", "logger": "omega.model", "msg": "trained: n=2843 oos_auc=0.534 meta_rows=2663"}
{"ts": "2026-10-01T19:35:09Z", "level": "INFO", "logger": "omega.backtest", "msg": "fold 0: train=2855 test=1440 auc=0.534"}
{"ts": "2026-10-01T19:35:11Z", "level": "INFO", "logger": "omega.model", "msg": "trained: n=4283 oos_auc=0.505 meta_rows=3924"}
{"ts": "2026-10-01T19:35:12Z", "level": "INFO", "logger": "omega.backtest", "msg": "fold 1: train=4295 test=1440 auc=0.505"}
{"ts": "2026-10-01T19:35:15Z", "level": "INFO", "logger": "omega.model", "msg": "trained: n=5724 oos_auc=0.529 meta_rows=5241"}
{"ts": "2026-10-01T19:35:16Z", "level": "INFO", "logger": "omega.backtest", "msg": "fold 2: train=5735 test=1440 auc=0.529"}
{"ts": "2026-10-01T19:35:20Z", "level": "INFO", "logger": "omega.model", "msg": "trained: n=7169 oos_auc=0.517 meta_rows=6464"}
{"ts": "2026-10-01T19:35:21Z", "level": "INFO", "logger": "omega.backtest", "msg": "fold 3: train=7175 test=1440 auc=0.517"}
{"ts": "2026-10-01T19:35:41Z", "level": "INFO", "logger": "omega.model", "msg": "trained: n=1465 oos_auc=0.528 meta_rows=1381"}
{"ts": "2026-10-01T19:35:42Z", "level": "INFO", "logger": "omega.backtest", "msg": "fold 0: train=1476 test=1000 auc=0.528"}
{"ts": "2026-10-01T19:35:45Z", "level": "INFO", "logger": "omega.model", "msg": "trained: n=2472 oos_auc=0.514 meta_rows=2320"}
{"ts": "2026-10-01T19:35:45Z", "level": "INFO", "logger": "omega.backtest", "msg": "fold 1: train=2476 test=1000 auc=0.514"}
{"ts": "2026-10-01T19:35:48Z", "level": "INFO", "logger": "omega.model", "msg": "trained: n=3471 oos_auc=0.519 meta_rows=3205"}
{"ts": "2026-10-01T19:35:49Z", "level": "INFO", "logger": "omega.backtest", "msg": "fold 2: train=3476 test=1000 auc=0.519"}
{"ts": "2026-10-01T19:35:52Z", "level": "INFO", "logger": "omega.model", "msg": "trained: n=1465 oos_auc=0.528 meta_rows=1381"}
{"ts": "2026-10-01T19:35:53Z", "level": "INFO", "logger": "omega.backtest", "msg": "fold 0: train=1476 test=1000 auc=0.528"}
{"ts": "2026-10-01T19:35:55Z", "level": "INFO", "logger": "omega.model", "msg": "trained: n=2472 oos_auc=0.514 meta_rows=2320"}
{"ts": "2026-10-01T19:35:56Z", "level": "INFO", "logger": "omega.backtest", "msg": "fold 1: train=2476 test=1000 auc=0.514"}
{"ts": "2026-10-01T19:35:59Z", "level": "INFO", "logger": "omega.model", "msg": "trained: n=3471 oos_auc=0.519 meta_rows=3205"}
{"ts": "2026-10-01T19:36:00Z", "level": "INFO", "logger": "omega.backtest", "msg": "fold 2: train=3476 test=1000 auc=0.519"}
{"ts": "2026-10-01T19:36:02Z", "level": "INFO", "logger": "omega.redteam", "msg": "spoofing               naive bait=1 pnl=-6 ret=-0.89% | asi bait=1 pnl=-5 ret=-0.40%"}
{"ts": "2026-10-01T19:36:04Z", "level": "INFO", "logger": "omega.model", "msg": "trained: n=1465 oos_auc=0.528 meta_rows=1381"}
{"ts": "2026-10-01T19:36:04Z", "level": "INFO", "logger": "omega.backtest", "msg": "fold 0: train=1476 test=1000 auc=0.528"}
{"ts": "2026-10-01T19:36:07Z", "level": "INFO", "logger": "omega.model", "msg": "trained: n=2472 oos_auc=0.514 meta_rows=2320"}
{"ts": "2026-10-01T19:36:07Z", "level": "INFO", "logger": "omega.backtest", "msg": "fold 1: train=2476 test=1000 auc=0.514"}
{"ts": "2026-10-01T19:36:10Z", "level": "INFO", "logger": "omega.paper.trader", "msg": "pass done: equity=100000.00 positions=0 events=0"}
{"ts": "2026-10-01T19:36:11Z", "level": "INFO", "logger": "omega.model", "msg": "trained: n=3471 oos_auc=0.519 meta_rows=3205"}
{"ts": "2026-10-01T19:36:11Z", "level": "INFO", "logger": "omega.backtest", "msg": "fold 2: train=3476 test=1000 auc=0.519"}
{"ts": "2026-10-01T19:36:15Z", "level": "INFO", "logger": "omega.model", "msg": "trained: n=1465 oos_auc=0.528 meta_rows=1381"}
{"ts": "2026-10-01T19:36:15Z", "level": "INFO", "logger": "omega.backtest", "msg": "fold 0: train=1476 test=1000 auc=0.528"}
{"ts": "2026-10-01T19:36:18Z", "level": "INFO", "logger": "omega.model", "msg": "trained: n=2472 oos_auc=0.514 meta_rows=2320"}
{"ts": "2026-10-01T19:36:19Z", "level": "INFO", "logger": "omega.backtest", "msg": "fold 1: train=2476 test=1000 auc=0.514"}
{"ts": "2026-10-01T19:36:22Z", "level": "INFO", "logger": "omega.model", "msg": "trained: n=3471 oos_auc=0.519 meta_rows=3205"}
{"ts": "2026-10-01T19:36:23Z", "level": "INFO", "logger": "omega.backtest", "msg": "fold 2: train=3476 test=1000 auc=0.519"}
{"ts": "2026-10-01T19:36:24Z", "level": "INFO", "logger": "omega.redteam", "msg": "wash_trading           naive bait=2 pnl=-73 ret=-0.53% | asi bait=1 pnl=-4 ret=-0.64%"}
{"ts": "2026-10-01T19:36:26Z", "level": "INFO", "logger": "omega.model", "msg": "trained: n=1465 oos_auc=0.528 meta_rows=1381"}
{"ts": "2026-10-01T19:36:26Z", "level": "INFO", "logger": "omega.backtest", "msg": "fold 0: train=1476 test=1000 auc=0.528"}
{"ts": "2026-10-01T19:36:29Z", "level": "INFO", "logger": "omega.model", "msg": "trained: n=2472 oos_auc=0.514 meta_rows=2320"}
{"ts": "2026-10-01T19:36:30Z", "level": "INFO", "logger": "omega.backtest", "msg": "fold 1: train=2476 test=1000 auc=0.514"}
{"ts": "2026-10-01T19:36:34Z", "level": "INFO", "logger": "omega.model", "msg": "trained: n=3471 oos_auc=0.519 meta_rows=3205"}
{"ts": "2026-10-01T19:36:34Z", "level": "INFO", "logger": "omega.backtest", "msg": "fold 2: train=3476 test=1000 auc=0.519"}
{"ts": "2026-10-01T19:36:37Z", "level": "INFO", "logger": "omega.model", "msg": "trained: n=1465 oos_auc=0.528 meta_rows=1381"}
{"ts": "2026-10-01T19:36:38Z", "level": "INFO", "logger": "omega.backtest", "msg": "fold 0: train=1476 test=1000 auc=0.528"}
{"ts": "2026-10-01T19:36:40Z", "level": "INFO", "logger": "omega.model", "msg": "trained: n=2472 oos_auc=0.514 meta_rows=2320"}
{"ts": "2026-10-01T19:36:41Z", "level": "INFO", "logger": "omega.backtest", "msg": "fold 1: train=2476 test=1000 auc=0.514"}
{"ts": "2026-10-01T19:36:45Z", "level": "INFO", "logger": "omega.model", "msg": "trained: n=3471 oos_auc=0.519 meta_rows=3205"}
{"ts": "2026-10-01T19:36:45Z", "level": "INFO", "logger": "omega.backtest", "msg": "fold 2: train=3476 test=1000 auc=0.519"}
{"ts": "2026-10-01T19:36:47Z", "level": "INFO", "logger": "omega.redteam", "msg": "mempool_spam           naive bait=1 pnl=-5 ret=-0.81% | asi bait=1 pnl=-4 ret=-0.37%"}
{"ts": "2026-10-01T19:36:49Z", "level": "INFO", "logger": "omega.model", "msg": "trained: n=1465 oos_auc=0.528 meta_rows=1381"}
{"ts": "2026-10-01T19:36:49Z", "level": "INFO", "logger": "omega.backtest", "msg": "fold 0: train=1476 test=1000 auc=0.528"}
{"ts": "2026-10-01T19:36:52Z", "level": "INFO", "logger": "omega.model", "msg": "trained: n=2472 oos_auc=0.514 meta_rows=2320"}
{"ts": "2026-10-01T19:36:52Z", "level": "INFO", "logger": "omega.backtest", "msg": "fold 1: train=2476 test=1000 auc=0.514"}
{"ts": "2026-10-01T19:36:55Z", "level": "INFO", "logger": "omega.model", "msg": "trained: n=3471 oos_auc=0.519 meta_rows=3205"}
{"ts": "2026-10-01T19:36:56Z", "level": "INFO", "logger": "omega.backtest", "msg": "fold 2: train=3476 test=1000 auc=0.519"}
{"ts": "2026-10-01T19:36:59Z", "level": "INFO", "logger": "omega.model", "msg": "trained: n=1465 oos_auc=0.528 meta_rows=1381"}
{"ts": "2026-10-01T19:37:00Z", "level": "INFO", "logger": "omega.backtest", "msg": "fold 0: train=1476 test=1000 auc=0.528"}
{"ts": "2026-10-01T19:37:02Z", "level": "INFO", "logger": "omega.model", "msg": "trained: n=2472 oos_auc=0.514 meta_rows=2320"}
{"ts": "2026-10-01T19:37:03Z", "level": "INFO", "logger": "omega.backtest", "msg": "fold 1: train=2476 test=1000 auc=0.514"}
{"ts": "2026-10-01T19:37:06Z", "level": "INFO", "logger": "omega.model", "msg": "trained: n=3471 oos_auc=0.519 meta_rows=3205"}
{"ts": "2026-10-01T19:37:07Z", "level": "INFO", "logger": "omega.backtest", "msg": "fold 2: train=3476 test=1000 auc=0.519"}
{"ts": "2026-10-01T19:37:08Z", "level": "INFO", "logger": "omega.redteam", "msg": "liquidation_hunt       naive bait=2 pnl=-286 ret=-0.67% | asi bait=3 pnl=-163 ret=-0.79%"}
{"ts": "2026-10-01T19:37:10Z", "level": "INFO", "logger": "omega.model", "msg": "trained: n=1465 oos_auc=0.528 meta_rows=1381"}
{"ts": "2026-10-01T19:37:10Z", "level": "INFO", "logger": "omega.backtest", "msg": "fold 0: train=1476 test=1000 auc=0.528"}
{"ts": "2026-10-01T19:37:13Z", "level": "INFO", "logger": "omega.model", "msg": "trained: n=2472 oos_auc=0.514 meta_rows=2320"}
{"ts": "2026-10-01T19:37:13Z", "level": "INFO", "logger": "omega.backtest", "msg": "fold 1: train=2476 test=1000 auc=0.514"}
{"ts": "2026-10-01T19:37:16Z", "level": "INFO", "logger": "omega.model", "msg": "trained: n=3471 oos_auc=0.519 meta_rows=3205"}
{"ts": "2026-10-01T19:37:17Z", "level": "INFO", "logger": "omega.backtest", "msg": "fold 2: train=3476 test=1000 auc=0.519"}
{"ts": "2026-10-01T19:37:20Z", "level": "INFO", "logger": "omega.model", "msg": "trained: n=1465 oos_auc=0.528 meta_rows=1381"}
{"ts": "2026-10-01T19:37:21Z", "level": "INFO", "logger": "omega.backtest", "msg": "fold 0: train=1476 test=1000 auc=0.528"}
{"ts": "2026-10-01T19:37:23Z", "level": "INFO", "logger": "omega.model", "msg": "trained: n=2472 oos_auc=0.514 meta_rows=2320"}
{"ts": "2026-10-01T19:37:24Z", "level": "INFO", "logger": "omega.backtest", "msg": "fold 1: train=2476 test=1000 auc=0.514"}
{"ts": "2026-10-01T19:37:27Z", "level": "INFO", "logger": "omega.model", "msg": "trained: n=3471 oos_auc=0.519 meta_rows=3205"}
{"ts": "2026-10-01T19:37:28Z", "level": "INFO", "logger": "omega.backtest", "msg": "fold 2: train=3476 test=1000 auc=0.519"}
{"ts": "2026-10-01T19:37:30Z", "level": "INFO", "logger": "omega.redteam", "msg": "funding_manipulation   naive bait=0 pnl=0 ret=-0.67% | asi bait=0 pnl=0 ret=-0.87%"}
{"ts": "2026-10-01T19:37:31Z", "level": "INFO", "logger": "omega.model", "msg": "trained: n=1465 oos_auc=0.528 meta_rows=1381"}
{"ts": "2026-10-01T19:37:32Z", "level": "INFO", "logger": "omega.backtest", "msg": "fold 0: train=1476 test=1000 auc=0.528"}
{"ts": "2026-10-01T19:37:34Z", "level": "INFO", "logger": "omega.model", "msg": "trained: n=2472 oos_auc=0.514 meta_rows=2320"}
{"ts": "2026-10-01T19:37:35Z", "level": "INFO", "logger": "omega.backtest", "msg": "fold 1: train=2476 test=1000 auc=0.514"}
{"ts": "2026-10-01T19:37:38Z", "level": "INFO", "logger": "omega.model", "msg": "trained: n=3471 oos_auc=0.519 meta_rows=3205"}
{"ts": "2026-10-01T19:37:38Z", "level": "INFO", "logger": "omega.backtest", "msg": "fold 2: train=3476 test=1000 auc=0.519"}
{"ts": "2026-10-01T19:37:42Z", "level": "INFO", "logger": "omega.model", "msg": "trained: n=1465 oos_auc=0.528 meta_rows=1381"}
{"ts": "2026-10-01T19:37:43Z", "level": "INFO", "logger": "omega.backtest", "msg": "fold 0: train=1476 test=1000 auc=0.528"}
{"ts": "2026-10-01T19:37:45Z", "level": "INFO", "logger": "omega.model", "msg": "trained: n=2472 oos_auc=0.514 meta_rows=2320"}
{"ts": "2026-10-01T19:37:46Z", "level": "INFO", "logger": "omega.backtest", "msg": "fold 1: train=2476 test=1000 auc=0.514"}
{"ts": "2026-10-01T19:37:49Z", "level": "INFO", "logger": "omega.model", "msg": "trained: n=3471 oos_auc=0.519 meta_rows=3205"}
{"ts": "2026-10-01T19:37:50Z", "level": "INFO", "logger": "omega.backtest", "msg": "fold 2: train=3476 test=1000 auc=0.519"}
{"ts": "2026-10-01T19:37:51Z", "level": "INFO", "logger": "omega.redteam", "msg": "leadlag_spoof          naive bait=2 pnl=-58 ret=-0.49% | asi bait=2 pnl=-58 ret=-0.58%"}
{"ts": "2026-10-01T19:48:26Z", "level": "INFO", "logger": "omega.model", "msg": "trained: n=1967 oos_auc=0.514 meta_rows=1855"}
{"ts": "2026-10-01T19:48:27Z", "level": "INFO", "logger": "omega.backtest", "msg": "fold 0: train=1976 test=1333 auc=0.514"}
{"ts": "2026-10-01T19:48:30Z", "level": "INFO", "logger": "omega.model", "msg": "trained: n=3297 oos_auc=0.476 meta_rows=3039"}
{"ts": "2026-10-01T19:48:30Z", "level": "INFO", "logger": "omega.backtest", "msg": "fold 1: train=3309 test=1333 auc=0.476"}
{"ts": "2026-10-01T19:48:33Z", "level": "INFO", "logger": "omega.model", "msg": "trained: n=4630 oos_auc=0.499 meta_rows=4245"}
{"ts": "2026-10-01T19:48:34Z", "level": "INFO", "logger": "omega.backtest", "msg": "fold 2: train=4642 test=1334 auc=0.499"}
{"ts": "2026-10-01T19:48:39Z", "level": "INFO", "logger": "omega.model", "msg": "trained: n=1967 oos_auc=0.514 meta_rows=1855"}
{"ts": "2026-10-01T19:48:39Z", "level": "INFO", "logger": "omega.backtest", "msg": "fold 0: train=1976 test=1333 auc=0.514"}
{"ts": "2026-10-01T19:48:43Z", "level": "INFO", "logger": "omega.model", "msg": "trained: n=3297 oos_auc=0.476 meta_rows=3039"}
{"ts": "2026-10-01T19:48:43Z", "level": "INFO", "logger": "omega.backtest", "msg": "fold 1: train=3309 test=1333 auc=0.476"}
{"ts": "2026-10-01T19:48:47Z", "level": "INFO", "logger": "omega.model", "msg": "trained: n=4630 oos_auc=0.499 meta_rows=4245"}
{"ts": "2026-10-01T19:48:48Z", "level": "INFO", "logger": "omega.backtest", "msg": "fold 2: train=4642 test=1334 auc=0.499"}
{"ts": "2026-10-01T19:48:50Z", "level": "INFO", "logger": "omega.redteam", "msg": "spoofing               naive bait=4 pnl=-180 ret=-0.35% | asi bait=1 pnl=-62 ret=-0.49%"}
{"ts": "2026-10-01T19:48:53Z", "level": "INFO", "logger": "omega.model", "msg": "trained: n=1967 oos_auc=0.514 meta_rows=1855"}
{"ts": "2026-10-01T19:48:54Z", "level": "INFO", "logger": "omega.backtest", "msg": "fold 0: train=1976 test=1333 auc=0.514"}
{"ts": "2026-10-01T19:48:57Z", "level": "INFO", "logger": "omega.model", "msg": "trained: n=3297 oos_auc=0.476 meta_rows=3039"}
{"ts": "2026-10-01T19:48:57Z", "level": "INFO", "logger": "omega.backtest", "msg": "fold 1: train=3309 test=1333 auc=0.476"}
{"ts": "2026-10-01T19:49:01Z", "level": "INFO", "logger": "omega.model", "msg": "trained: n=4630 oos_auc=0.499 meta_rows=4245"}
{"ts": "2026-10-01T19:49:01Z", "level": "INFO", "logger": "omega.backtest", "msg": "fold 2: train=4642 test=1334 auc=0.499"}
{"ts": "2026-10-01T19:49:06Z", "level": "INFO", "logger": "omega.model", "msg": "trained: n=1967 oos_auc=0.514 meta_rows=1855"}
{"ts": "2026-10-01T19:49:07Z", "level": "INFO", "logger": "omega.backtest", "msg": "fold 0: train=1976 test=1333 auc=0.514"}
{"ts": "2026-10-01T19:49:09Z", "level": "INFO", "logger": "omega.model", "msg": "trained: n=3297 oos_auc=0.476 meta_rows=3039"}
{"ts": "2026-10-01T19:49:10Z", "level": "INFO", "logger": "omega.backtest", "msg": "fold 1: train=3309 test=1333 auc=0.476"}
{"ts": "2026-10-01T19:49:14Z", "level": "INFO", "logger": "omega.model", "msg": "trained: n=4630 oos_auc=0.499 meta_rows=4245"}
{"ts": "2026-10-01T19:49:15Z", "level": "INFO", "logger": "omega.backtest", "msg": "fold 2: train=4642 test=1334 auc=0.499"}
{"ts": "2026-10-01T19:49:17Z", "level": "INFO", "logger": "omega.redteam", "msg": "wash_trading           naive bait=7 pnl=-188 ret=0.62% | asi bait=4 pnl=-109 ret=0.74%"}
{"ts": "2026-10-01T19:49:20Z", "level": "INFO", "logger": "omega.model", "msg": "trained: n=1967 oos_auc=0.514 meta_rows=1855"}
{"ts": "2026-10-01T19:49:20Z", "level": "INFO", "logger": "omega.backtest", "msg": "fold 0: train=1976 test=1333 auc=0.514"}
{"ts": "2026-10-01T19:49:23Z", "level": "INFO", "logger": "omega.model", "msg": "trained: n=3297 oos_auc=0.476 meta_rows=3039"}
{"ts": "2026-10-01T19:49:23Z", "level": "INFO", "logger": "omega.backtest", "msg": "fold 1: train=3309 test=1333 auc=0.476"}
{"ts": "2026-10-01T19:49:27Z", "level": "INFO", "logger": "omega.model", "msg": "trained: n=4630 oos_auc=0.499 meta_rows=4245"}
{"ts": "2026-10-01T19:49:27Z", "level": "INFO", "logger": "omega.backtest", "msg": "fold 2: train=4642 test=1334 auc=0.499"}
{"ts": "2026-10-01T19:49:32Z", "level": "INFO", "logger": "omega.model", "msg": "trained: n=1967 oos_auc=0.514 meta_rows=1855"}
{"ts": "2026-10-01T19:49:33Z", "level": "INFO", "logger": "omega.backtest", "msg": "fold 0: train=1976 test=1333 auc=0.514"}
{"ts": "2026-10-01T19:49:36Z", "level": "INFO", "logger": "omega.model", "msg": "trained: n=3297 oos_auc=0.476 meta_rows=3039"}
{"ts": "2026-10-01T19:49:36Z", "level": "INFO", "logger": "omega.backtest", "msg": "fold 1: train=3309 test=1333 auc=0.476"}
{"ts": "2026-10-01T19:49:40Z", "level": "INFO", "logger": "omega.model", "msg": "trained: n=4630 oos_auc=0.499 meta_rows=4245"}
{"ts": "2026-10-01T19:49:41Z", "level": "INFO", "logger": "omega.backtest", "msg": "fold 2: train=4642 test=1334 auc=0.499"}
{"ts": "2026-10-01T19:49:44Z", "level": "INFO", "logger": "omega.redteam", "msg": "mempool_spam           naive bait=4 pnl=-211 ret=-0.24% | asi bait=4 pnl=-280 ret=-0.43%"}
{"ts": "2026-10-01T19:49:46Z", "level": "INFO", "logger": "omega.model", "msg": "trained: n=1967 oos_auc=0.514 meta_rows=1855"}
{"ts": "2026-10-01T19:49:47Z", "level": "INFO", "logger": "omega.backtest", "msg": "fold 0: train=1976 test=1333 auc=0.514"}
{"ts": "2026-10-01T19:49:50Z", "level": "INFO", "logger": "omega.model", "msg": "trained: n=3297 oos_auc=0.476 meta_rows=3039"}
{"ts": "2026-10-01T19:49:51Z", "level": "INFO", "logger": "omega.backtest", "msg": "fold 1: train=3309 test=1333 auc=0.476"}
{"ts": "2026-10-01T19:49:54Z", "level": "INFO", "logger": "omega.model", "msg": "trained: n=4630 oos_auc=0.499 meta_rows=4245"}
{"ts": "2026-10-01T19:49:55Z", "level": "INFO", "logger": "omega.backtest", "msg": "fold 2: train=4642 test=1334 auc=0.499"}
{"ts": "2026-10-01T19:50:00Z", "level": "INFO", "logger": "omega.model", "msg": "trained: n=1967 oos_auc=0.514 meta_rows=1855"}
{"ts": "2026-10-01T19:50:01Z", "level": "INFO", "logger": "omega.backtest", "msg": "fold 0: train=1976 test=1333 auc=0.514"}
{"ts": "2026-10-01T19:50:03Z", "level": "INFO", "logger": "omega.model", "msg": "trained: n=3297 oos_auc=0.476 meta_rows=3039"}
{"ts": "2026-10-01T19:50:04Z", "level": "INFO", "logger": "omega.backtest", "msg": "fold 1: train=3309 test=1333 auc=0.476"}
{"ts": "2026-10-01T19:50:08Z", "level": "INFO", "logger": "omega.model", "msg": "trained: n=4630 oos_auc=0.499 meta_rows=4245"}
{"ts": "2026-10-01T19:50:08Z", "level": "INFO", "logger": "omega.backtest", "msg": "fold 2: train=4642 test=1334 auc=0.499"}
{"ts": "2026-10-01T19:50:11Z", "level": "INFO", "logger": "omega.redteam", "msg": "liquidation_hunt       naive bait=8 pnl=-243 ret=0.65% | asi bait=5 pnl=-176 ret=0.07%"}
{"ts": "2026-10-01T19:50:14Z", "level": "INFO", "logger": "omega.model", "msg": "trained: n=1967 oos_auc=0.514 meta_rows=1855"}
{"ts": "2026-10-01T19:50:15Z", "level": "INFO", "logger": "omega.backtest", "msg": "fold 0: train=1976 test=1333 auc=0.514"}
{"ts": "2026-10-01T19:50:18Z", "level": "INFO", "logger": "omega.model", "msg": "trained: n=3297 oos_auc=0.476 meta_rows=3039"}
{"ts": "2026-10-01T19:50:18Z", "level": "INFO", "logger": "omega.backtest", "msg": "fold 1: train=3309 test=1333 auc=0.476"}
{"ts": "2026-10-01T19:50:22Z", "level": "INFO", "logger": "omega.model", "msg": "trained: n=4630 oos_auc=0.499 meta_rows=4245"}
{"ts": "2026-10-01T19:50:23Z", "level": "INFO", "logger": "omega.backtest", "msg": "fold 2: train=4642 test=1334 auc=0.499"}
{"ts": "2026-10-01T19:50:28Z", "level": "INFO", "logger": "omega.model", "msg": "trained: n=1967 oos_auc=0.514 meta_rows=1855"}
{"ts": "2026-10-01T19:50:28Z", "level": "INFO", "logger": "omega.backtest", "msg": "fold 0: train=1976 test=1333 auc=0.514"}
{"ts": "2026-10-01T19:50:32Z", "level": "INFO", "logger": "omega.model", "msg": "trained: n=3297 oos_auc=0.476 meta_rows=3039"}
{"ts": "2026-10-01T19:50:32Z", "level": "INFO", "logger": "omega.backtest", "msg": "fold 1: train=3309 test=1333 auc=0.476"}
{"ts": "2026-10-01T19:50:36Z", "level": "INFO", "logger": "omega.model", "msg": "trained: n=4630 oos_auc=0.499 meta_rows=4245"}
{"ts": "2026-10-01T19:50:37Z", "level": "INFO", "logger": "omega.backtest", "msg": "fold 2: train=4642 test=1334 auc=0.499"}
{"ts": "2026-10-01T19:50:39Z", "level": "INFO", "logger": "omega.redteam", "msg": "funding_manipulation   naive bait=2 pnl=70 ret=-0.90% | asi bait=0 pnl=0 ret=-0.88%"}
{"ts": "2026-10-01T19:50:42Z", "level": "INFO", "logger": "omega.model", "msg": "trained: n=1967 oos_auc=0.514 meta_rows=1855"}
{"ts": "2026-10-01T19:50:43Z", "level": "INFO", "logger": "omega.backtest", "msg": "fold 0: train=1976 test=1333 auc=0.514"}
{"ts": "2026-10-01T19:50:46Z", "level": "INFO", "logger": "omega.model", "msg": "trained: n=3297 oos_auc=0.476 meta_rows=3039"}
{"ts": "2026-10-01T19:50:46Z", "level": "INFO", "logger": "omega.backtest", "msg": "fold 1: train=3309 test=1333 auc=0.476"}
{"ts": "2026-10-01T19:50:50Z", "level": "INFO", "logger": "omega.model", "msg": "trained: n=4630 oos_auc=0.499 meta_rows=4245"}
{"ts": "2026-10-01T19:50:50Z", "level": "INFO", "logger": "omega.backtest", "msg": "fold 2: train=4642 test=1334 auc=0.499"}
{"ts": "2026-10-01T19:50:55Z", "level": "INFO", "logger": "omega.model", "msg": "trained: n=1967 oos_auc=0.514 meta_rows=1855"}
{"ts": "2026-10-01T19:50:56Z", "level": "INFO", "logger": "omega.backtest", "msg": "fold 0: train=1976 test=1333 auc=0.514"}
{"ts": "2026-10-01T19:50:59Z", "level": "INFO", "logger": "omega.model", "msg": "trained: n=3297 oos_auc=0.476 meta_rows=3039"}
{"ts": "2026-10-01T19:51:00Z", "level": "INFO", "logger": "omega.backtest", "msg": "fold 1: train=3309 test=1333 auc=0.476"}
{"ts": "2026-10-01T19:51:04Z", "level": "INFO", "logger": "omega.model", "msg": "trained: n=4630 oos_auc=0.499 meta_rows=4245"}
{"ts": "2026-10-01T19:51:05Z", "level": "INFO", "logger": "omega.backtest", "msg": "fold 2: train=4642 test=1334 auc=0.499"}
{"ts": "2026-10-01T19:51:07Z", "level": "INFO", "logger": "omega.redteam", "msg": "leadlag_spoof          naive bait=8 pnl=-387 ret=-0.99% | asi bait=4 pnl=-203 ret=-0.28%"}
{"ts": "2026-10-01T19:51:52Z", "level": "INFO", "logger": "omega.paper.trader", "msg": "pass done: equity=100000.00 positions=0 events=0"}
{"ts": "2026-10-01T20:15:15Z", "level": "INFO", "logger": "omega.model", "msg": "trained: n=8627 oos_auc=0.530 meta_rows=7659"}
{"ts": "2026-10-01T20:15:15Z", "level": "INFO", "logger": "omega.train", "msg": "saved model BTCUSDT (auc=0.530, data_mode=live)"}
{"ts": "2026-10-01T20:15:23Z", "level": "INFO", "logger": "omega.model", "msg": "trained: n=8628 oos_auc=0.534 meta_rows=7638"}
{"ts": "2026-10-01T20:15:23Z", "level": "INFO", "logger": "omega.train", "msg": "saved model ETHUSDT (auc=0.534, data_mode=live)"}
{"ts": "2026-10-01T20:15:42Z", "level": "INFO", "logger": "omega.model", "msg": "trained: n=2852 oos_auc=0.518 meta_rows=2670"}
{"ts": "2026-10-01T20:15:43Z", "level": "INFO", "logger": "omega.backtest", "msg": "fold 0: train=2855 test=1440 auc=0.518"}
{"ts": "2026-10-01T20:15:46Z", "level": "INFO", "logger": "omega.model", "msg": "trained: n=4294 oos_auc=0.514 meta_rows=4005"}
{"ts": "2026-10-01T20:15:48Z", "level": "INFO", "logger": "omega.backtest", "msg": "fold 1: train=4295 test=1440 auc=0.514"}
{"ts": "2026-10-01T20:15:51Z", "level": "INFO", "logger": "omega.model", "msg": "trained: n=5723 oos_auc=0.529 meta_rows=5279"}
{"ts": "2026-10-01T20:15:53Z", "level": "INFO", "logger": "omega.backtest", "msg": "fold 2: train=5735 test=1440 auc=0.529"}
{"ts": "2026-10-01T20:15:57Z", "level": "INFO", "logger": "omega.model", "msg": "trained: n=7166 oos_auc=0.538 meta_rows=6460"}
{"ts": "2026-10-01T20:15:58Z", "level": "INFO", "logger": "omega.backtest", "msg": "fold 3: train=7175 test=1440 auc=0.538"}
{"ts": "2026-10-01T20:16:01Z", "level": "INFO", "logger": "omega.model", "msg": "trained: n=2852 oos_auc=0.522 meta_rows=2699"}
{"ts": "2026-10-01T20:16:02Z", "level": "INFO", "logger": "omega.backtest", "msg": "fold 0: train=2855 test=1440 auc=0.522"}
{"ts": "2026-10-01T20:16:05Z", "level": "INFO", "logger": "omega.model", "msg": "trained: n=4293 oos_auc=0.503 meta_rows=3986"}
{"ts": "2026-10-01T20:16:07Z", "level": "INFO", "logger": "omega.backtest", "msg": "fold 1: train=4295 test=1440 auc=0.503"}
{"ts": "2026-10-01T20:16:10Z", "level": "INFO", "logger": "omega.model", "msg": "trained: n=5723 oos_auc=0.518 meta_rows=5225"}
{"ts": "2026-10-01T20:16:12Z", "level": "INFO", "logger": "omega.backtest", "msg": "fold 2: train=5735 test=1440 auc=0.518"}
{"ts": "2026-10-01T20:16:16Z", "level": "INFO", "logger": "omega.model", "msg": "trained: n=7163 oos_auc=0.521 meta_rows=6475"}
{"ts": "2026-10-01T20:16:17Z", "level": "INFO", "logger": "omega.backtest", "msg": "fold 3: train=7175 test=1440 auc=0.521"}
{"ts": "2026-10-01T20:16:27Z", "level": "INFO", "logger": "omega.model", "msg": "trained: n=1967 oos_auc=0.485 meta_rows=1852"}
{"ts": "2026-10-01T20:16:28Z", "level": "INFO", "logger": "omega.backtest", "msg": "fold 0: train=1976 test=1333 auc=0.485"}
{"ts": "2026-10-01T20:16:32Z", "level": "INFO", "logger": "omega.model", "msg": "trained: n=3297 oos_auc=0.474 meta_rows=3046"}
{"ts": "2026-10-01T20:16:33Z", "level": "INFO", "logger": "omega.backtest", "msg": "fold 1: train=3309 test=1333 auc=0.474"}
{"ts": "2026-10-01T20:16:38Z", "level": "INFO", "logger": "omega.model", "msg": "trained: n=4630 oos_auc=0.503 meta_rows=4215"}
{"ts": "2026-10-01T20:16:39Z", "level": "INFO", "logger": "omega.backtest", "msg": "fold 2: train=4642 test=1334 auc=0.503"}
{"ts": "2026-10-01T20:16:45Z", "level": "INFO", "logger": "omega.model", "msg": "trained: n=1967 oos_auc=0.485 meta_rows=1852"}
{"ts": "2026-10-01T20:16:47Z", "level": "INFO", "logger": "omega.backtest", "msg": "fold 0: train=1976 test=1333 auc=0.485"}
{"ts": "2026-10-01T20:16:51Z", "level": "INFO", "logger": "omega.model", "msg": "trained: n=3297 oos_auc=0.474 meta_rows=3046"}
{"ts": "2026-10-01T20:16:52Z", "level": "INFO", "logger": "omega.backtest", "msg": "fold 1: train=3309 test=1333 auc=0.474"}
{"ts": "2026-10-01T20:16:57Z", "level": "INFO", "logger": "omega.model", "msg": "trained: n=4630 oos_auc=0.503 meta_rows=4215"}
{"ts": "2026-10-01T20:16:59Z", "level": "INFO", "logger": "omega.backtest", "msg": "fold 2: train=4642 test=1334 auc=0.503"}
{"ts": "2026-10-01T20:17:02Z", "level": "INFO", "logger": "omega.redteam", "msg": "spoofing               naive bait=6 pnl=-153 ret=-0.04% | asi bait=3 pnl=-108 ret=0.15%"}
{"ts": "2026-10-01T20:17:06Z", "level": "INFO", "logger": "omega.model", "msg": "trained: n=1967 oos_auc=0.485 meta_rows=1852"}
{"ts": "2026-10-01T20:17:07Z", "level": "INFO", "logger": "omega.backtest", "msg": "fold 0: train=1976 test=1333 auc=0.485"}
{"ts": "2026-10-01T20:17:11Z", "level": "INFO", "logger": "omega.model", "msg": "trained: n=3297 oos_auc=0.474 meta_rows=3046"}
{"ts": "2026-10-01T20:17:12Z", "level": "INFO", "logger": "omega.backtest", "msg": "fold 1: train=3309 test=1333 auc=0.474"}
{"ts": "2026-10-01T20:17:17Z", "level": "INFO", "logger": "omega.model", "msg": "trained: n=4630 oos_auc=0.503 meta_rows=4215"}
{"ts": "2026-10-01T20:17:18Z", "level": "INFO", "logger": "omega.backtest", "msg": "fold 2: train=4642 test=1334 auc=0.503"}
{"ts": "2026-10-01T20:17:24Z", "level": "INFO", "logger": "omega.model", "msg": "trained: n=1967 oos_auc=0.485 meta_rows=1852"}
{"ts": "2026-10-01T20:17:25Z", "level": "INFO", "logger": "omega.backtest", "msg": "fold 0: train=1976 test=1333 auc=0.485"}
{"ts": "2026-10-01T20:17:30Z", "level": "INFO", "logger": "omega.model", "msg": "trained: n=3297 oos_auc=0.474 meta_rows=3046"}
{"ts": "2026-10-01T20:17:31Z", "level": "INFO", "logger": "omega.backtest", "msg": "fold 1: train=3309 test=1333 auc=0.474"}
{"ts": "2026-10-01T20:17:36Z", "level": "INFO", "logger": "omega.model", "msg": "trained: n=4630 oos_auc=0.503 meta_rows=4215"}
{"ts": "2026-10-01T20:17:37Z", "level": "INFO", "logger": "omega.backtest", "msg": "fold 2: train=4642 test=1334 auc=0.503"}
{"ts": "2026-10-01T20:17:40Z", "level": "INFO", "logger": "omega.redteam", "msg": "wash_trading           naive bait=5 pnl=-163 ret=1.20% | asi bait=3 pnl=-37 ret=1.69%"}
{"ts": "2026-10-01T20:17:44Z", "level": "INFO", "logger": "omega.model", "msg": "trained: n=1967 oos_auc=0.485 meta_rows=1852"}
{"ts": "2026-10-01T20:17:45Z", "level": "INFO", "logger": "omega.backtest", "msg": "fold 0: train=1976 test=1333 auc=0.485"}
{"ts": "2026-10-01T20:17:49Z", "level": "INFO", "logger": "omega.model", "msg": "trained: n=3297 oos_auc=0.474 meta_rows=3046"}
{"ts": "2026-10-01T20:17:50Z", "level": "INFO", "logger": "omega.backtest", "msg": "fold 1: train=3309 test=1333 auc=0.474"}
{"ts": "2026-10-01T20:17:55Z", "level": "INFO", "logger": "omega.model", "msg": "trained: n=4630 oos_auc=0.503 meta_rows=4215"}
{"ts": "2026-10-01T20:17:56Z", "level": "INFO", "logger": "omega.backtest", "msg": "fold 2: train=4642 test=1334 auc=0.503"}
{"ts": "2026-10-01T20:18:02Z", "level": "INFO", "logger": "omega.model", "msg": "trained: n=1967 oos_auc=0.485 meta_rows=1852"}
{"ts": "2026-10-01T20:18:03Z", "level": "INFO", "logger": "omega.backtest", "msg": "fold 0: train=1976 test=1333 auc=0.485"}
{"ts": "2026-10-01T20:18:08Z", "level": "INFO", "logger": "omega.model", "msg": "trained: n=3297 oos_auc=0.474 meta_rows=3046"}
{"ts": "2026-10-01T20:18:09Z", "level": "INFO", "logger": "omega.backtest", "msg": "fold 1: train=3309 test=1333 auc=0.474"}
{"ts": "2026-10-01T20:18:14Z", "level": "INFO", "logger": "omega.model", "msg": "trained: n=4630 oos_auc=0.503 meta_rows=4215"}
{"ts": "2026-10-01T20:18:15Z", "level": "INFO", "logger": "omega.backtest", "msg": "fold 2: train=4642 test=1334 auc=0.503"}
{"ts": "2026-10-01T20:18:18Z", "level": "INFO", "logger": "omega.redteam", "msg": "mempool_spam           naive bait=2 pnl=-113 ret=0.31% | asi bait=2 pnl=-113 ret=-0.07%"}
{"ts": "2026-10-01T20:18:22Z", "level": "INFO", "logger": "omega.model", "msg": "trained: n=1967 oos_auc=0.485 meta_rows=1852"}
{"ts": "2026-10-01T20:18:23Z", "level": "INFO", "logger": "omega.backtest", "msg": "fold 0: train=1976 test=1333 auc=0.485"}
{"ts": "2026-10-01T20:18:27Z", "level": "INFO", "logger": "omega.model", "msg": "trained: n=3297 oos_auc=0.474 meta_rows=3046"}
{"ts": "2026-10-01T20:18:28Z", "level": "INFO", "logger": "omega.backtest", "msg": "fold 1: train=3309 test=1333 auc=0.474"}
{"ts": "2026-10-01T20:18:33Z", "level": "INFO", "logger": "omega.model", "msg": "trained: n=4630 oos_auc=0.503 meta_rows=4215"}
{"ts": "2026-10-01T20:18:34Z", "level": "INFO", "logger": "omega.backtest", "msg": "fold 2: train=4642 test=1334 auc=0.503"}
{"ts": "2026-10-01T20:18:40Z", "level": "INFO", "logger": "omega.model", "msg": "trained: n=1967 oos_auc=0.485 meta_rows=1852"}
{"ts": "2026-10-01T20:18:41Z", "level": "INFO", "logger": "omega.backtest", "msg": "fold 0: train=1976 test=1333 auc=0.485"}
{"ts": "2026-10-01T20:18:46Z", "level": "INFO", "logger": "omega.model", "msg": "trained: n=3297 oos_auc=0.474 meta_rows=3046"}
{"ts": "2026-10-01T20:18:47Z", "level": "INFO", "logger": "omega.backtest", "msg": "fold 1: train=3309 test=1333 auc=0.474"}
{"ts": "2026-10-01T20:18:52Z", "level": "INFO", "logger": "omega.model", "msg": "trained: n=4630 oos_auc=0.503 meta_rows=4215"}
{"ts": "2026-10-01T20:18:54Z", "level": "INFO", "logger": "omega.backtest", "msg": "fold 2: train=4642 test=1334 auc=0.503"}
{"ts": "2026-10-01T20:18:56Z", "level": "INFO", "logger": "omega.redteam", "msg": "liquidation_hunt       naive bait=8 pnl=-156 ret=0.96% | asi bait=7 pnl=-67 ret=0.69%"}
{"ts": "2026-10-01T20:19:00Z", "level": "INFO", "logger": "omega.model", "msg": "trained: n=1967 oos_auc=0.485 meta_rows=1852"}
{"ts": "2026-10-01T20:19:01Z", "level": "INFO", "logger": "omega.backtest", "msg": "fold 0: train=1976 test=1333 auc=0.485"}
{"ts": "2026-10-01T20:19:05Z", "level": "INFO", "logger": "omega.model", "msg": "trained: n=3297 oos_auc=0.474 meta_rows=3046"}
{"ts": "2026-10-01T20:19:06Z", "level": "INFO", "logger": "omega.backtest", "msg": "fold 1: train=3309 test=1333 auc=0.474"}
{"ts": "2026-10-01T20:19:12Z", "level": "INFO", "logger": "omega.model", "msg": "trained: n=4630 oos_auc=0.503 meta_rows=4215"}
{"ts": "2026-10-01T20:19:13Z", "level": "INFO", "logger": "omega.backtest", "msg": "fold 2: train=4642 test=1334 auc=0.503"}
{"ts": "2026-10-01T20:19:19Z", "level": "INFO", "logger": "omega.model", "msg": "trained: n=1967 oos_auc=0.485 meta_rows=1852"}
{"ts": "2026-10-01T20:19:20Z", "level": "INFO", "logger": "omega.backtest", "msg": "fold 0: train=1976 test=1333 auc=0.485"}
{"ts": "2026-10-01T20:19:24Z", "level": "INFO", "logger": "omega.model", "msg": "trained: n=3297 oos_auc=0.474 meta_rows=3046"}
{"ts": "2026-10-01T20:19:26Z", "level": "INFO", "logger": "omega.backtest", "msg": "fold 1: train=3309 test=1333 auc=0.474"}
{"ts": "2026-10-01T20:19:31Z", "level": "INFO", "logger": "omega.model", "msg": "trained: n=4630 oos_auc=0.503 meta_rows=4215"}
{"ts": "2026-10-01T20:19:32Z", "level": "INFO", "logger": "omega.backtest", "msg": "fold 2: train=4642 test=1334 auc=0.503"}
{"ts": "2026-10-01T20:19:35Z", "level": "INFO", "logger": "omega.redteam", "msg": "funding_manipulation   naive bait=2 pnl=-38 ret=-0.01% | asi bait=3 pnl=-41 ret=-0.06%"}
{"ts": "2026-10-01T20:19:38Z", "level": "INFO", "logger": "omega.model", "msg": "trained: n=1967 oos_auc=0.485 meta_rows=1852"}
{"ts": "2026-10-01T20:19:39Z", "level": "INFO", "logger": "omega.backtest", "msg": "fold 0: train=1976 test=1333 auc=0.485"}
{"ts": "2026-10-01T20:19:43Z", "level": "INFO", "logger": "omega.model", "msg": "trained: n=3297 oos_auc=0.474 meta_rows=3046"}
{"ts": "2026-10-01T20:19:44Z", "level": "INFO", "logger": "omega.backtest", "msg": "fold 1: train=3309 test=1333 auc=0.474"}
{"ts": "2026-10-01T20:19:50Z", "level": "INFO", "logger": "omega.model", "msg": "trained: n=4630 oos_auc=0.503 meta_rows=4215"}
{"ts": "2026-10-01T20:19:51Z", "level": "INFO", "logger": "omega.backtest", "msg": "fold 2: train=4642 test=1334 auc=0.503"}
{"ts": "2026-10-01T20:19:56Z", "level": "INFO", "logger": "omega.model", "msg": "trained: n=1967 oos_auc=0.485 meta_rows=1852"}
{"ts": "2026-10-01T20:19:58Z", "level": "INFO", "logger": "omega.backtest", "msg": "fold 0: train=1976 test=1333 auc=0.485"}
{"ts": "2026-10-01T20:20:02Z", "level": "INFO", "logger": "omega.model", "msg": "trained: n=3297 oos_auc=0.474 meta_rows=3046"}
{"ts": "2026-10-01T20:20:03Z", "level": "INFO", "logger": "omega.backtest", "msg": "fold 1: train=3309 test=1333 auc=0.474"}
{"ts": "2026-10-01T20:20:09Z", "level": "INFO", "logger": "omega.model", "msg": "trained: n=4630 oos_auc=0.503 meta_rows=4215"}
{"ts": "2026-10-01T20:20:10Z", "level": "INFO", "logger": "omega.backtest", "msg": "fold 2: train=4642 test=1334 auc=0.503"}
{"ts": "2026-10-01T20:20:13Z", "level": "INFO", "logger": "omega.redteam", "msg": "leadlag_spoof          naive bait=6 pnl=-199 ret=0.11% | asi bait=1 pnl=-42 ret=-0.16%"}
{"ts": "2026-10-01T20:23:29Z", "level": "WARNING", "logger": "omega.ingest.ws", "msg": "binance ws failed: server rejected WebSocket connection: HTTP 451"}
{"ts": "2026-10-01T20:24:47Z", "level": "WARNING", "logger": "omega.ingest.ws", "msg": "binance ws failed: server rejected WebSocket connection: HTTP 451"}
{"ts": "2026-10-01T20:25:23Z", "level": "INFO", "logger": "omega.paper.trader", "msg": "pass done: equity=100000.00 positions=0 events=0"}
{"ts": "2026-10-01T21:23:34Z", "level": "INFO", "logger": "omega.paper.trader", "msg": "pass done: equity=100000.00 positions=0 events=0"}
{"ts": "2026-10-01T22:22:10Z", "level": "INFO", "logger": "omega.paper.trader", "msg": "pass done: equity=100000.00 positions=0 events=0"}
{"ts": "2026-10-01T23:20:50Z", "level": "INFO", "logger": "omega.paper.trader", "msg": "pass done: equity=100000.00 positions=0 events=0"}
